Amesos_DISABLE_STRONG_WARNINGS:BOOL=OFF
Amesos_ENABLE_DSCPACK:BOOL=OFF
Amesos_ENABLE_EXAMPLES:STRING=
Amesos_ENABLE_KLU:BOOL=ON
Amesos_ENABLE_LAPACK:BOOL=ON
Amesos_ENABLE_MC64:BOOL=OFF
Amesos_ENABLE_PARAKLETE:BOOL=OFF
Amesos_ENABLE_PARDISO:BOOL=OFF
Amesos_ENABLE_PARDISO_MKL:BOOL=OFF
Amesos_ENABLE_TESTS:STRING=
AmpxLibUtils_LIB_DEPENDS:STATIC=general;ScaleCell;general;AmpxLoader_fortranlib;general;ampxloader;general;ampxClib;general;ampxlib;general;scaleresource;general;scaleresourceClib;general;ScaleSerializeFortran;general;ScaleSerialize;general;Interface;
